[INFO] [1778776424.159701594] [aisle_boundary_drive_node]: AISLE BOUNDARY DRIVE NODE INITIALIZED
[INFO] [1778776424.164797208] [aisle_boundary_drive_node]: Route: start y=4.25, drive negative Y to y=-4.25
[INFO] [1778776424.171365403] [aisle_boundary_drive_node]: Centerline x=0.0, safe x=[-0.55, 0.55], estop x=[-0.75, 0.75]
[INFO] [1778776424.176838046] [aisle_boundary_drive_node]: Publishing geometry_msgs/msg/TwistStamped to /cmd_vel
[INFO] [1778776424.185873705] [aisle_boundary_drive_node]: Publishing String status to /aisle_boundary_status
[INFO] [1778776424.247045692] [aisle_boundary_drive_node]: mode=ALIGN_AISLE x=-0.000 y=0.000 yaw=-0.000 x_error=0.000 yaw_error=-1.571 boundary=CENTERED
[INFO] [1778776424.794944211] [aisle_boundary_drive_node]: mode=ALIGN_AISLE x=-0.000 y=0.000 yaw=-0.152 x_error=0.000 yaw_error=-1.419 boundary=CENTERED
[INFO] [1778776425.353165448] [aisle_boundary_drive_node]: mode=ALIGN_AISLE x=-0.000 y=0.000 yaw=-0.299 x_error=0.000 yaw_error=-1.272 boundary=CENTERED
[INFO] [1778776425.896403545] [aisle_boundary_drive_node]: mode=ALIGN_AISLE x=-0.000 y=0.000 yaw=-0.453 x_error=0.000 yaw_error=-1.118 boundary=CENTERED
[INFO] [1778776426.395722492] [aisle_boundary_drive_node]: mode=ALIGN_AISLE x=-0.000 y=0.000 yaw=-0.600 x_error=0.000 yaw_error=-0.971 boundary=CENTERED
[INFO] [1778776426.900885584] [aisle_boundary_drive_node]: mode=ALIGN_AISLE x=-0.000 y=0.000 yaw=-0.719 x_error=0.000 yaw_error=-0.852 boundary=CENTERED
[INFO] [1778776427.449576807] [aisle_boundary_drive_node]: mode=ALIGN_AISLE x=-0.000 y=0.000 yaw=-0.873 x_error=0.000 yaw_error=-0.698 boundary=CENTERED
[INFO] [1778776427.953162846] [aisle_boundary_drive_node]: mode=ALIGN_AISLE x=-0.000 y=0.000 yaw=-1.013 x_error=0.000 yaw_error=-0.558 boundary=CENTERED
[INFO] [1778776428.509427719] [aisle_boundary_drive_node]: mode=ALIGN_AISLE x=-0.000 y=0.000 yaw=-1.132 x_error=0.000 yaw_error=-0.439 boundary=CENTERED
[INFO] [1778776429.050650321] [aisle_boundary_drive_node]: mode=ALIGN_AISLE x=-0.000 y=0.000 yaw=-1.223 x_error=0.000 yaw_error=-0.348 boundary=CENTERED
[INFO] [1778776429.546809779] [aisle_boundary_drive_node]: mode=ALIGN_AISLE x=-0.000 y=0.000 yaw=-1.335 x_error=0.000 yaw_error=-0.236 boundary=CENTERED
[INFO] [1778776430.102598439] [aisle_boundary_drive_node]: mode=ALIGN_AISLE x=-0.000 y=0.000 yaw=-1.457 x_error=0.000 yaw_error=-0.114 boundary=CENTERED
[INFO] [1778776430.603195754] [aisle_boundary_drive_node]: mode=DRIVE_AISLE x=0.002 y=-0.021 yaw=-1.508 x_error=-0.002 yaw_error=-0.063 boundary=CENTERED
[INFO] [1778776431.094399257] [aisle_boundary_drive_node]: mode=DRIVE_AISLE x=0.003 y=-0.055 yaw=-1.538 x_error=-0.003 yaw_error=-0.033 boundary=CENTERED
[INFO] [1778776431.648991171] [aisle_boundary_drive_node]: mode=DRIVE_AISLE x=0.004 y=-0.097 yaw=-1.556 x_error=-0.004 yaw_error=-0.014 boundary=CENTERED
[INFO] [1778776432.194877943] [aisle_boundary_drive_node]: mode=DRIVE_AISLE x=0.004 y=-0.135 yaw=-1.564 x_error=-0.004 yaw_error=-0.007 boundary=CENTERED
[INFO] [1778776432.705492333] [aisle_boundary_drive_node]: mode=DRIVE_AISLE x=0.005 y=-0.175 yaw=-1.568 x_error=-0.005 yaw_error=-0.003 boundary=CENTERED
[INFO] [1778776433.244510781] [aisle_boundary_drive_node]: mode=DRIVE_AISLE x=0.005 y=-0.215 yaw=-1.570 x_error=-0.005 yaw_error=-0.001 boundary=CENTERED
[INFO] [1778776433.792811827] [aisle_boundary_drive_node]: mode=DRIVE_AISLE x=0.005 y=-0.257 yaw=-1.571 x_error=-0.005 yaw_error=-0.000 boundary=CENTERED
[INFO] [1778776434.353964996] [aisle_boundary_drive_node]: mode=DRIVE_AISLE x=0.005 y=-0.303 yaw=-1.571 x_error=-0.005 yaw_error=0.000 boundary=CENTERED
[INFO] [1778776434.853206282] [aisle_boundary_drive_node]: mode=DRIVE_AISLE x=0.005 y=-0.339 yaw=-1.571 x_error=-0.005 yaw_error=0.000 boundary=CENTERED
[INFO] [1778776435.347771351] [aisle_boundary_drive_node]: mode=DRIVE_AISLE x=0.005 y=-0.377 yaw=-1.571 x_error=-0.005 yaw_error=0.000 boundary=CENTERED
[INFO] [1778776435.891717026] [aisle_boundary_drive_node]: mode=DRIVE_AISLE x=0.005 y=-0.421 yaw=-1.571 x_error=-0.005 yaw_error=0.000 boundary=CENTERED
[INFO] [1778776436.396979509] [aisle_boundary_drive_node]: mode=DRIVE_AISLE x=0.005 y=-0.463 yaw=-1.571 x_error=-0.005 yaw_error=0.000 boundary=CENTERED
[INFO] [1778776436.952251530] [aisle_boundary_drive_node]: mode=DRIVE_AISLE x=0.005 y=-0.505 yaw=-1.571 x_error=-0.005 yaw_error=0.000 boundary=CENTERED
[INFO] [1778776437.492833330] [aisle_boundary_drive_node]: mode=DRIVE_AISLE x=0.005 y=-0.549 yaw=-1.571 x_error=-0.005 yaw_error=0.000 boundary=CENTERED
[INFO] [1778776437.996537364] [aisle_boundary_drive_node]: mode=DRIVE_AISLE x=0.005 y=-0.591 yaw=-1.571 x_error=-0.005 yaw_error=0.000 boundary=CENTERED
[INFO] [1778776438.556649963] [aisle_boundary_drive_node]: mode=DRIVE_AISLE x=0.005 y=-0.635 yaw=-1.571 x_error=-0.005 yaw_error=0.000 boundary=CENTERED
[INFO] [1778776439.046267419] [aisle_boundary_drive_node]: mode=DRIVE_AISLE x=0.005 y=-0.673 yaw=-1.571 x_error=-0.005 yaw_error=0.000 boundary=CENTERED
[INFO] [1778776439.600198759] [aisle_boundary_drive_node]: mode=DRIVE_AISLE x=0.005 y=-0.715 yaw=-1.571 x_error=-0.005 yaw_error=0.000 boundary=CENTERED
[INFO] [1778776440.142975581] [aisle_boundary_drive_node]: mode=DRIVE_AISLE x=0.005 y=-0.759 yaw=-1.571 x_error=-0.005 yaw_error=0.000 boundary=CENTERED
[INFO] [1778776440.661680129] [aisle_boundary_drive_node]: mode=DRIVE_AISLE x=0.005 y=-0.799 yaw=-1.571 x_error=-0.005 yaw_error=0.000 boundary=CENTERED
[INFO] [1778776441.145009475] [aisle_boundary_drive_node]: mode=DRIVE_AISLE x=0.005 y=-0.835 yaw=-1.571 x_error=-0.005 yaw_error=0.000 boundary=CENTERED
[INFO] [1778776441.710300090] [aisle_boundary_drive_node]: mode=DRIVE_AISLE x=0.005 y=-0.877 yaw=-1.571 x_error=-0.005 yaw_error=0.000 boundary=CENTERED
[INFO] [1778776442.202727725] [aisle_boundary_drive_node]: mode=DRIVE_AISLE x=0.005 y=-0.919 yaw=-1.571 x_error=-0.005 yaw_error=0.000 boundary=CENTERED
[INFO] [1778776442.694770854] [aisle_boundary_drive_node]: mode=DRIVE_AISLE x=0.005 y=-0.957 yaw=-1.571 x_error=-0.005 yaw_error=0.000 boundary=CENTERED
[INFO] [1778776443.247818357] [aisle_boundary_drive_node]: mode=DRIVE_AISLE x=0.004 y=-0.997 yaw=-1.571 x_error=-0.004 yaw_error=0.000 boundary=CENTERED
[INFO] [1778776443.802353583] [aisle_boundary_drive_node]: mode=DRIVE_AISLE x=0.004 y=-1.043 yaw=-1.571 x_error=-0.004 yaw_error=0.000 boundary=CENTERED
[INFO] [1778776444.295548603] [aisle_boundary_drive_node]: mode=DRIVE_AISLE x=0.004 y=-1.083 yaw=-1.571 x_error=-0.004 yaw_error=0.000 boundary=CENTERED
[INFO] [1778776444.848627125] [aisle_boundary_drive_node]: mode=DRIVE_AISLE x=0.004 y=-1.125 yaw=-1.571 x_error=-0.004 yaw_error=0.000 boundary=CENTERED
[INFO] [1778776445.403124652] [aisle_boundary_drive_node]: mode=DRIVE_AISLE x=0.004 y=-1.171 yaw=-1.571 x_error=-0.004 yaw_error=0.000 boundary=CENTERED
[INFO] [1778776445.947797828] [aisle_boundary_drive_node]: mode=DRIVE_AISLE x=0.004 y=-1.213 yaw=-1.571 x_error=-0.004 yaw_error=0.000 boundary=CENTERED
[INFO] [1778776446.511255452] [aisle_boundary_drive_node]: mode=DRIVE_AISLE x=0.004 y=-1.255 yaw=-1.571 x_error=-0.004 yaw_error=0.000 boundary=CENTERED
[INFO] [1778776446.994894438] [aisle_boundary_drive_node]: mode=DRIVE_AISLE x=0.004 y=-1.295 yaw=-1.571 x_error=-0.004 yaw_error=0.000 boundary=CENTERED
[INFO] [1778776447.555008321] [aisle_boundary_drive_node]: mode=DRIVE_AISLE x=0.004 y=-1.341 yaw=-1.571 x_error=-0.004 yaw_error=0.000 boundary=CENTERED
[INFO] [1778776448.054401760] [aisle_boundary_drive_node]: mode=DRIVE_AISLE x=0.004 y=-1.381 yaw=-1.571 x_error=-0.004 yaw_error=0.000 boundary=CENTERED
[INFO] [1778776448.604739425] [aisle_boundary_drive_node]: mode=DRIVE_AISLE x=0.004 y=-1.423 yaw=-1.571 x_error=-0.004 yaw_error=0.000 boundary=CENTERED
[INFO] [1778776449.096771427] [aisle_boundary_drive_node]: mode=DRIVE_AISLE x=0.004 y=-1.461 yaw=-1.571 x_error=-0.004 yaw_error=0.000 boundary=CENTERED
[INFO] [1778776449.658479723] [aisle_boundary_drive_node]: mode=DRIVE_AISLE x=0.004 y=-1.507 yaw=-1.571 x_error=-0.004 yaw_error=0.000 boundary=CENTERED
[INFO] [1778776450.151967348] [aisle_boundary_drive_node]: mode=DRIVE_AISLE x=0.004 y=-1.545 yaw=-1.571 x_error=-0.004 yaw_error=0.000 boundary=CENTERED
[INFO] [1778776450.709476690] [aisle_boundary_drive_node]: mode=DRIVE_AISLE x=0.004 y=-1.585 yaw=-1.571 x_error=-0.004 yaw_error=0.000 boundary=CENTERED
[INFO] [1778776451.248468080] [aisle_boundary_drive_node]: mode=DRIVE_AISLE x=0.004 y=-1.627 yaw=-1.571 x_error=-0.004 yaw_error=0.000 boundary=CENTERED
[INFO] [1778776451.794456877] [aisle_boundary_drive_node]: mode=DRIVE_AISLE x=0.004 y=-1.673 yaw=-1.571 x_error=-0.004 yaw_error=0.000 boundary=CENTERED
[INFO] [1778776452.293743146] [aisle_boundary_drive_node]: mode=DRIVE_AISLE x=0.004 y=-1.715 yaw=-1.571 x_error=-0.004 yaw_error=0.000 boundary=CENTERED
[INFO] [1778776452.793642188] [aisle_boundary_drive_node]: mode=DRIVE_AISLE x=0.004 y=-1.755 yaw=-1.571 x_error=-0.004 yaw_error=0.000 boundary=CENTERED
[INFO] [1778776453.302615913] [aisle_boundary_drive_node]: mode=DRIVE_AISLE x=0.004 y=-1.797 yaw=-1.571 x_error=-0.004 yaw_error=0.000 boundary=CENTERED
[INFO] [1778776453.843692839] [aisle_boundary_drive_node]: mode=DRIVE_AISLE x=0.004 y=-1.839 yaw=-1.571 x_error=-0.004 yaw_error=0.000 boundary=CENTERED
[INFO] [1778776454.346672358] [aisle_boundary_drive_node]: mode=DRIVE_AISLE x=0.004 y=-1.877 yaw=-1.571 x_error=-0.004 yaw_error=0.000 boundary=CENTERED
[INFO] [1778776454.891907479] [aisle_boundary_drive_node]: mode=DRIVE_AISLE x=0.004 y=-1.921 yaw=-1.571 x_error=-0.004 yaw_error=0.000 boundary=CENTERED
[INFO] [1778776455.399322249] [aisle_boundary_drive_node]: mode=DRIVE_AISLE x=0.004 y=-1.961 yaw=-1.571 x_error=-0.004 yaw_error=0.000 boundary=CENTERED
[INFO] [1778776455.894167861] [aisle_boundary_drive_node]: mode=DRIVE_AISLE x=0.004 y=-2.003 yaw=-1.571 x_error=-0.004 yaw_error=0.000 boundary=CENTERED
[INFO] [1778776456.449093893] [aisle_boundary_drive_node]: mode=DRIVE_AISLE x=0.004 y=-2.045 yaw=-1.571 x_error=-0.004 yaw_error=0.000 boundary=CENTERED
[INFO] [1778776456.993964601] [aisle_boundary_drive_node]: mode=DRIVE_AISLE x=0.004 y=-2.087 yaw=-1.571 x_error=-0.004 yaw_error=0.000 boundary=CENTERED
[INFO] [1778776457.544774712] [aisle_boundary_drive_node]: mode=DRIVE_AISLE x=0.004 y=-2.129 yaw=-1.571 x_error=-0.004 yaw_error=0.000 boundary=CENTERED
[INFO] [1778776458.123301778] [aisle_boundary_drive_node]: mode=DRIVE_AISLE x=0.004 y=-2.169 yaw=-1.571 x_error=-0.004 yaw_error=0.000 boundary=CENTERED
[INFO] [1778776458.604464575] [aisle_boundary_drive_node]: mode=DRIVE_AISLE x=0.004 y=-2.201 yaw=-1.571 x_error=-0.004 yaw_error=0.000 boundary=CENTERED
[INFO] [1778776459.150930301] [aisle_boundary_drive_node]: mode=DRIVE_AISLE x=0.004 y=-2.239 yaw=-1.571 x_error=-0.004 yaw_error=0.000 boundary=CENTERED
[INFO] [1778776459.693271535] [aisle_boundary_drive_node]: mode=DRIVE_AISLE x=0.004 y=-2.281 yaw=-1.571 x_error=-0.004 yaw_error=0.000 boundary=CENTERED
[INFO] [1778776460.201413772] [aisle_boundary_drive_node]: mode=DRIVE_AISLE x=0.004 y=-2.319 yaw=-1.571 x_error=-0.004 yaw_error=0.000 boundary=CENTERED
[INFO] [1778776460.749594947] [aisle_boundary_drive_node]: mode=DRIVE_AISLE x=0.004 y=-2.361 yaw=-1.571 x_error=-0.004 yaw_error=0.000 boundary=CENTERED
[INFO] [1778776461.292500970] [aisle_boundary_drive_node]: mode=DRIVE_AISLE x=0.004 y=-2.401 yaw=-1.571 x_error=-0.004 yaw_error=0.000 boundary=CENTERED
[INFO] [1778776461.800355270] [aisle_boundary_drive_node]: mode=DRIVE_AISLE x=0.004 y=-2.441 yaw=-1.571 x_error=-0.004 yaw_error=0.000 boundary=CENTERED
[INFO] [1778776462.351180979] [aisle_boundary_drive_node]: mode=DRIVE_AISLE x=0.004 y=-2.485 yaw=-1.571 x_error=-0.004 yaw_error=0.000 boundary=CENTERED
[INFO] [1778776462.847455832] [aisle_boundary_drive_node]: mode=DRIVE_AISLE x=0.004 y=-2.521 yaw=-1.571 x_error=-0.004 yaw_error=0.000 boundary=CENTERED
[INFO] [1778776463.350051034] [aisle_boundary_drive_node]: mode=DRIVE_AISLE x=0.004 y=-2.559 yaw=-1.571 x_error=-0.004 yaw_error=0.000 boundary=CENTERED
[INFO] [1778776463.893723101] [aisle_boundary_drive_node]: mode=DRIVE_AISLE x=0.004 y=-2.605 yaw=-1.571 x_error=-0.004 yaw_error=0.000 boundary=CENTERED
[INFO] [1778776464.404429340] [aisle_boundary_drive_node]: mode=DRIVE_AISLE x=0.004 y=-2.645 yaw=-1.571 x_error=-0.004 yaw_error=0.000 boundary=CENTERED
[INFO] [1778776464.945412488] [aisle_boundary_drive_node]: mode=DRIVE_AISLE x=0.004 y=-2.687 yaw=-1.571 x_error=-0.004 yaw_error=0.000 boundary=CENTERED
[INFO] [1778776465.498738796] [aisle_boundary_drive_node]: mode=DRIVE_AISLE x=0.004 y=-2.733 yaw=-1.571 x_error=-0.004 yaw_error=0.000 boundary=CENTERED
[INFO] [1778776466.052974513] [aisle_boundary_drive_node]: mode=DRIVE_AISLE x=0.004 y=-2.777 yaw=-1.571 x_error=-0.004 yaw_error=0.000 boundary=CENTERED
[INFO] [1778776466.593442333] [aisle_boundary_drive_node]: mode=DRIVE_AISLE x=0.004 y=-2.819 yaw=-1.571 x_error=-0.004 yaw_error=0.000 boundary=CENTERED
[INFO] [1778776467.091551770] [aisle_boundary_drive_node]: mode=DRIVE_AISLE x=0.004 y=-2.855 yaw=-1.571 x_error=-0.004 yaw_error=0.000 boundary=CENTERED
[INFO] [1778776467.595338873] [aisle_boundary_drive_node]: mode=DRIVE_AISLE x=0.004 y=-2.895 yaw=-1.571 x_error=-0.004 yaw_error=0.000 boundary=CENTERED
[INFO] [1778776468.142394450] [aisle_boundary_drive_node]: mode=DRIVE_AISLE x=0.004 y=-2.937 yaw=-1.571 x_error=-0.004 yaw_error=0.000 boundary=CENTERED
[INFO] [1778776468.646942805] [aisle_boundary_drive_node]: mode=DRIVE_AISLE x=0.004 y=-2.973 yaw=-1.571 x_error=-0.004 yaw_error=0.000 boundary=CENTERED
[INFO] [1778776469.199003684] [aisle_boundary_drive_node]: mode=DRIVE_AISLE x=0.004 y=-3.015 yaw=-1.571 x_error=-0.004 yaw_error=0.000 boundary=CENTERED
[INFO] [1778776469.696964008] [aisle_boundary_drive_node]: mode=DRIVE_AISLE x=0.004 y=-3.055 yaw=-1.571 x_error=-0.004 yaw_error=0.000 boundary=CENTERED
[INFO] [1778776470.248270553] [aisle_boundary_drive_node]: mode=DRIVE_AISLE x=0.004 y=-3.095 yaw=-1.571 x_error=-0.004 yaw_error=0.000 boundary=CENTERED
[INFO] [1778776470.753241967] [aisle_boundary_drive_node]: mode=DRIVE_AISLE x=0.004 y=-3.135 yaw=-1.571 x_error=-0.004 yaw_error=0.000 boundary=CENTERED
[INFO] [1778776471.297479729] [aisle_boundary_drive_node]: mode=DRIVE_AISLE x=0.004 y=-3.177 yaw=-1.571 x_error=-0.004 yaw_error=0.000 boundary=CENTERED
[INFO] [1778776471.853446156] [aisle_boundary_drive_node]: mode=DRIVE_AISLE x=0.004 y=-3.221 yaw=-1.571 x_error=-0.004 yaw_error=0.000 boundary=CENTERED
[INFO] [1778776472.347602393] [aisle_boundary_drive_node]: mode=DRIVE_AISLE x=0.004 y=-3.259 yaw=-1.571 x_error=-0.004 yaw_error=0.000 boundary=CENTERED
[INFO] [1778776472.902378007] [aisle_boundary_drive_node]: mode=DRIVE_AISLE x=0.004 y=-3.297 yaw=-1.571 x_error=-0.004 yaw_error=0.000 boundary=CENTERED
[INFO] [1778776473.447934035] [aisle_boundary_drive_node]: mode=DRIVE_AISLE x=0.004 y=-3.343 yaw=-1.571 x_error=-0.004 yaw_error=0.000 boundary=CENTERED
[INFO] [1778776474.000488595] [aisle_boundary_drive_node]: mode=DRIVE_AISLE x=0.004 y=-3.389 yaw=-1.571 x_error=-0.004 yaw_error=0.000 boundary=CENTERED
[INFO] [1778776474.549205849] [aisle_boundary_drive_node]: mode=DRIVE_AISLE x=0.004 y=-3.427 yaw=-1.571 x_error=-0.004 yaw_error=0.000 boundary=CENTERED
[INFO] [1778776475.092847342] [aisle_boundary_drive_node]: mode=DRIVE_AISLE x=0.004 y=-3.471 yaw=-1.571 x_error=-0.004 yaw_error=0.000 boundary=CENTERED
[INFO] [1778776475.650830698] [aisle_boundary_drive_node]: mode=DRIVE_AISLE x=0.004 y=-3.515 yaw=-1.571 x_error=-0.004 yaw_error=0.000 boundary=CENTERED
[INFO] [1778776476.154369582] [aisle_boundary_drive_node]: mode=DRIVE_AISLE x=0.004 y=-3.557 yaw=-1.571 x_error=-0.004 yaw_error=0.000 boundary=CENTERED
[INFO] [1778776476.645326763] [aisle_boundary_drive_node]: mode=DRIVE_AISLE x=0.004 y=-3.595 yaw=-1.571 x_error=-0.004 yaw_error=0.000 boundary=CENTERED
[INFO] [1778776477.205169859] [aisle_boundary_drive_node]: mode=DRIVE_AISLE x=0.004 y=-3.633 yaw=-1.571 x_error=-0.004 yaw_error=0.000 boundary=CENTERED
[INFO] [1778776477.747060023] [aisle_boundary_drive_node]: mode=DRIVE_AISLE x=0.004 y=-3.677 yaw=-1.571 x_error=-0.004 yaw_error=0.000 boundary=CENTERED
[INFO] [1778776478.292795546] [aisle_boundary_drive_node]: mode=DRIVE_AISLE x=0.004 y=-3.721 yaw=-1.571 x_error=-0.004 yaw_error=0.000 boundary=CENTERED
[INFO] [1778776478.798157683] [aisle_boundary_drive_node]: mode=DRIVE_AISLE x=0.003 y=-3.757 yaw=-1.571 x_error=-0.003 yaw_error=0.000 boundary=CENTERED
[INFO] [1778776479.354023842] [aisle_boundary_drive_node]: mode=DRIVE_AISLE x=0.003 y=-3.795 yaw=-1.571 x_error=-0.003 yaw_error=0.000 boundary=CENTERED
[INFO] [1778776479.897923743] [aisle_boundary_drive_node]: mode=DRIVE_AISLE x=0.003 y=-3.837 yaw=-1.571 x_error=-0.003 yaw_error=0.000 boundary=CENTERED
[INFO] [1778776480.448633181] [aisle_boundary_drive_node]: mode=DRIVE_AISLE x=0.003 y=-3.881 yaw=-1.571 x_error=-0.003 yaw_error=0.000 boundary=CENTERED
[INFO] [1778776480.954844794] [aisle_boundary_drive_node]: mode=DRIVE_AISLE x=0.003 y=-3.921 yaw=-1.571 x_error=-0.003 yaw_error=0.000 boundary=CENTERED
[INFO] [1778776481.448188110] [aisle_boundary_drive_node]: mode=DRIVE_AISLE x=0.003 y=-3.959 yaw=-1.571 x_error=-0.003 yaw_error=0.000 boundary=CENTERED
[INFO] [1778776481.996939883] [aisle_boundary_drive_node]: mode=DRIVE_AISLE x=0.003 y=-4.001 yaw=-1.571 x_error=-0.003 yaw_error=0.000 boundary=CENTERED
[INFO] [1778776482.544674573] [aisle_boundary_drive_node]: mode=DRIVE_AISLE x=0.003 y=-4.045 yaw=-1.571 x_error=-0.003 yaw_error=0.000 boundary=CENTERED
[INFO] [1778776483.097672642] [aisle_boundary_drive_node]: mode=DRIVE_AISLE x=0.003 y=-4.085 yaw=-1.571 x_error=-0.003 yaw_error=0.000 boundary=CENTERED
[INFO] [1778776483.596600674] [aisle_boundary_drive_node]: mode=DRIVE_AISLE x=0.003 y=-4.125 yaw=-1.571 x_error=-0.003 yaw_error=0.000 boundary=CENTERED
[INFO] [1778776484.103632068] [aisle_boundary_drive_node]: mode=DRIVE_AISLE x=0.003 y=-4.165 yaw=-1.571 x_error=-0.003 yaw_error=0.000 boundary=CENTERED
[INFO] [1778776484.647938503] [aisle_boundary_drive_node]: mode=DRIVE_AISLE x=0.003 y=-4.205 yaw=-1.571 x_error=-0.003 yaw_error=0.000 boundary=CENTERED
[INFO] [1778776485.152524001] [aisle_boundary_drive_node]: mode=DRIVE_AISLE x=0.003 y=-4.241 yaw=-1.571 x_error=-0.003 yaw_error=0.000 boundary=CENTERED
[INFO] [1778776485.314990395] [aisle_boundary_drive_node]: ROUTE COMPLETE
